node_modules/@types/babel__core/index.d.ts(2,31): error TS2792: Cannot find module '@babel/parser'. Did you mean to set the 'moduleResolution' option to 'nodenext', or to add aliases to the 'paths' option?
node_modules/@types/babel__core/index.d.ts(5,20): error TS2792: Cannot find module '@babel/types'. Did you mean to set the 'moduleResolution' option to 'nodenext', or to add aliases to the 'paths' option?
node_modules/@types/babel__core/index.d.ts(10,52): error TS2792: Cannot find module '@babel/parser'. Did you mean to set the 'moduleResolution' option to 'nodenext', or to add aliases to the 'paths' option?
node_modules/@types/babel__generator/index.d.ts(1,20): error TS2792: Cannot find module '@babel/types'. Did you mean to set the 'moduleResolution' option to 'nodenext', or to add aliases to the 'paths' option?
node_modules/@types/babel__template/index.d.ts(1,31): error TS2792: Cannot find module '@babel/parser'. Did you mean to set the 'moduleResolution' option to 'nodenext', or to add aliases to the 'paths' option?
node_modules/@types/babel__template/index.d.ts(2,48): error TS2792: Cannot find module '@babel/types'. Did you mean to set the 'moduleResolution' option to 'nodenext', or to add aliases to the 'paths' option?
node_modules/@types/babel__traverse/index.d.ts(1,20): error TS2792: Cannot find module '@babel/types'. Did you mean to set the 'moduleResolution' option to 'nodenext', or to add aliases to the 'paths' option?
node_modules/@types/babel__traverse/index.d.ts(361,28): error TS2536: Type '"type"' cannot be used to index type 'T'.
node_modules/@types/node/http.d.ts(2077,36): error TS2792: Cannot find module 'undici-types'. Did you mean to set the 'moduleResolution' option to 'nodenext', or to add aliases to the 'paths' option?
node_modules/@types/node/http.d.ts(2081,37): error TS2792: Cannot find module 'undici-types'. Did you mean to set the 'moduleResolution' option to 'nodenext', or to add aliases to the 'paths' option?
node_modules/@types/node/http.d.ts(2085,39): error TS2792: Cannot find module 'undici-types'. Did you mean to set the 'moduleResolution' option to 'nodenext', or to add aliases to the 'paths' option?
node_modules/@types/node/web-globals/fetch.d.ts(3,25): error TS2792: Cannot find module 'undici-types'. Did you mean to set the 'moduleResolution' option to 'nodenext', or to add aliases to the 'paths' option?
node_modules/@types/node/worker_threads.d.ts(66,34): error TS2792: Cannot find module 'undici-types'. Did you mean to set the 'moduleResolution' option to 'nodenext', or to add aliases to the 'paths' option?
node_modules/@types/react/index.d.ts(7,22): error TS2792: Cannot find module 'csstype'. Did you mean to set the 'moduleResolution' option to 'nodenext', or to add aliases to the 'paths' option?
node_modules/@types/react/jsx-runtime.d.ts(1,24): error TS2792: Cannot find module './'. Did you mean to set the 'moduleResolution' option to 'nodenext', or to add aliases to the 'paths' option?
node_modules/@types/react/jsx-runtime.d.ts(2,26): error TS2792: Cannot find module './'. Did you mean to set the 'moduleResolution' option to 'nodenext', or to add aliases to the 'paths' option?
src/api/axios.ts(1,8): error TS1192: Module '"C:/Users/adile/Downloads/mile-do-main/client/src/api/axios"' has no default export.
src/api/tasks.ts(2,84): error TS2792: Cannot find module '../types'. Did you mean to set the 'moduleResolution' option to 'nodenext', or to add aliases to the 'paths' option?
src/components/ui/Button.tsx(1,8): error TS1259: Module '"C:/Users/adile/Downloads/mile-do-main/client/node_modules/@types/react/index"' can only be default-imported using the 'allowSyntheticDefaultImports' flag
src/components/ui/Button.tsx(24,5): error TS2339: Property 'button' does not exist on type 'JSX.IntrinsicElements'.
src/components/ui/Button.tsx(30,9): error TS2339: Property 'span' does not exist on type 'JSX.IntrinsicElements'.
src/components/ui/Button.tsx(33,5): error TS2339: Property 'button' does not exist on type 'JSX.IntrinsicElements'.
src/components/ui/Modal.tsx(1,8): error TS1259: Module '"C:/Users/adile/Downloads/mile-do-main/client/node_modules/@types/react/index"' can only be default-imported using the 'allowSyntheticDefaultImports' flag
src/components/ui/Modal.tsx(2,19): error TS2792: Cannot find module 'lucide-react'. Did you mean to set the 'moduleResolution' option to 'nodenext', or to add aliases to the 'paths' option?
src/components/ui/Modal.tsx(3,41): error TS2792: Cannot find module 'framer-motion'. Did you mean to set the 'moduleResolution' option to 'nodenext', or to add aliases to the 'paths' option?
src/components/ui/Modal.tsx(26,5): error TS2345: Argument of type 'Element' is not assignable to parameter of type 'ReactNode'.
src/components/ui/Modal.tsx(37,11): error TS2339: Property 'div' does not exist on type 'JSX.IntrinsicElements'.
src/components/ui/Modal.tsx(44,15): error TS2339: Property 'div' does not exist on type 'JSX.IntrinsicElements'.
src/components/ui/Modal.tsx(45,17): error TS2339: Property 'h3' does not exist on type 'JSX.IntrinsicElements'.
src/components/ui/Modal.tsx(45,95): error TS2339: Property 'h3' does not exist on type 'JSX.IntrinsicElements'.
src/components/ui/Modal.tsx(46,17): error TS2339: Property 'button' does not exist on type 'JSX.IntrinsicElements'.
src/components/ui/Modal.tsx(51,17): error TS2339: Property 'button' does not exist on type 'JSX.IntrinsicElements'.
src/components/ui/Modal.tsx(52,15): error TS2339: Property 'div' does not exist on type 'JSX.IntrinsicElements'.
src/components/ui/Modal.tsx(53,15): error TS2339: Property 'div' does not exist on type 'JSX.IntrinsicElements'.
src/components/ui/Modal.tsx(55,15): error TS2339: Property 'div' does not exist on type 'JSX.IntrinsicElements'.
src/components/ui/Modal.tsx(57,11): error TS2339: Property 'div' does not exist on type 'JSX.IntrinsicElements'.
src/features/tasks/TaskItem.tsx(2,27): error TS2792: Cannot find module '../../types'. Did you mean to set the 'moduleResolution' option to 'nodenext', or to add aliases to the 'paths' option?
src/features/tasks/TaskItem.tsx(3,47): error TS2792: Cannot find module 'lucide-react'. Did you mean to set the 'moduleResolution' option to 'nodenext', or to add aliases to the 'paths' option?
src/features/tasks/TaskItem.tsx(4,24): error TS2792: Cannot find module 'framer-motion'. Did you mean to set the 'moduleResolution' option to 'nodenext', or to add aliases to the 'paths' option?
src/features/tasks/TaskItem.tsx(13,30): error TS2769: No overload matches this call.
  Overload 1 of 2, '(Component: FunctionComponent<TaskItemProps>, propsAreEqual?: (prevProps: Readonly<TaskItemProps>, nextProps: Readonly<TaskItemProps>) => boolean): NamedExoticComponent<...>', gave the following error.
    Argument of type '({ task, onToggle }: TaskItemProps) => JSX.Element' is not assignable to parameter of type 'FunctionComponent<TaskItemProps>'.
      Type 'Element' is not assignable to type 'ReactNode'.
  Overload 2 of 2, '(Component: ComponentType<any>, propsAreEqual?: (prevProps: Readonly<any>, nextProps: Readonly<any>) => boolean): MemoExoticComponent<ComponentType<any>>', gave the following error.
    Argument of type '({ task, onToggle }: TaskItemProps) => JSX.Element' is not assignable to parameter of type 'ComponentType<any>'.
      Type '({ task, onToggle }: TaskItemProps) => JSX.Element' is not assignable to type 'FunctionComponent<any>'.
        Type 'Element' is not assignable to type 'ReactNode'.
src/features/tasks/TaskItem.tsx(42,5): error TS2339: Property 'div' does not exist on type 'JSX.IntrinsicElements'.
src/features/tasks/TaskItem.tsx(52,7): error TS2339: Property 'button' does not exist on type 'JSX.IntrinsicElements'.
src/features/tasks/TaskItem.tsx(71,7): error TS2339: Property 'button' does not exist on type 'JSX.IntrinsicElements'.
src/features/tasks/TaskItem.tsx(73,7): error TS2339: Property 'div' does not exist on type 'JSX.IntrinsicElements'.
src/features/tasks/TaskItem.tsx(74,9): error TS2339: Property 'span' does not exist on type 'JSX.IntrinsicElements'.
src/features/tasks/TaskItem.tsx(76,9): error TS2339: Property 'span' does not exist on type 'JSX.IntrinsicElements'.
src/features/tasks/TaskItem.tsx(79,11): error TS2339: Property 'div' does not exist on type 'JSX.IntrinsicElements'.
src/features/tasks/TaskItem.tsx(80,13): error TS2339: Property 'span' does not exist on type 'JSX.IntrinsicElements'.
src/features/tasks/TaskItem.tsx(90,13): error TS2339: Property 'span' does not exist on type 'JSX.IntrinsicElements'.
src/features/tasks/TaskItem.tsx(91,11): error TS2339: Property 'div' does not exist on type 'JSX.IntrinsicElements'.
src/features/tasks/TaskItem.tsx(93,7): error TS2339: Property 'div' does not exist on type 'JSX.IntrinsicElements'.
src/features/tasks/TaskItem.tsx(95,7): error TS2339: Property 'button' does not exist on type 'JSX.IntrinsicElements'.
src/features/tasks/TaskItem.tsx(103,7): error TS2339: Property 'button' does not exist on type 'JSX.IntrinsicElements'.
src/features/tasks/TaskItem.tsx(104,5): error TS2339: Property 'div' does not exist on type 'JSX.IntrinsicElements'.
src/pages/AllTasks.tsx(2,55): error TS2792: Cannot find module '@tanstack/react-query'. Did you mean to set the 'moduleResolution' option to 'nodenext', or to add aliases to the 'paths' option?
src/pages/AllTasks.tsx(5,59): error TS2792: Cannot find module '../types'. Did you mean to set the 'moduleResolution' option to 'nodenext', or to add aliases to the 'paths' option?
src/pages/AllTasks.tsx(7,49): error TS2792: Cannot find module 'lucide-react'. Did you mean to set the 'moduleResolution' option to 'nodenext', or to add aliases to the 'paths' option?
src/pages/AllTasks.tsx(44,25): error TS2339: Property 'div' does not exist on type 'JSX.IntrinsicElements'.
src/pages/AllTasks.tsx(44,130): error TS2339: Property 'div' does not exist on type 'JSX.IntrinsicElements'.
src/pages/AllTasks.tsx(54,5): error TS2339: Property 'div' does not exist on type 'JSX.IntrinsicElements'.
src/pages/AllTasks.tsx(55,7): error TS2339: Property 'header' does not exist on type 'JSX.IntrinsicElements'.
src/pages/AllTasks.tsx(56,9): error TS2339: Property 'div' does not exist on type 'JSX.IntrinsicElements'.
src/pages/AllTasks.tsx(57,11): error TS2339: Property 'div' does not exist on type 'JSX.IntrinsicElements'.
src/pages/AllTasks.tsx(58,13): error TS2339: Property 'div' does not exist on type 'JSX.IntrinsicElements'.
src/pages/AllTasks.tsx(60,13): error TS2339: Property 'div' does not exist on type 'JSX.IntrinsicElements'.
src/pages/AllTasks.tsx(61,13): error TS2339: Property 'h1' does not exist on type 'JSX.IntrinsicElements'.
src/pages/AllTasks.tsx(61,90): error TS2339: Property 'h1' does not exist on type 'JSX.IntrinsicElements'.
src/pages/AllTasks.tsx(62,11): error TS2339: Property 'div' does not exist on type 'JSX.IntrinsicElements'.
src/pages/AllTasks.tsx(64,13): error TS2339: Property 'button' does not exist on type 'JSX.IntrinsicElements'.
src/pages/AllTasks.tsx(69,13): error TS2339: Property 'button' does not exist on type 'JSX.IntrinsicElements'.
src/pages/AllTasks.tsx(71,9): error TS2339: Property 'div' does not exist on type 'JSX.IntrinsicElements'.
src/pages/AllTasks.tsx(73,9): error TS2339: Property 'div' does not exist on type 'JSX.IntrinsicElements'.
src/pages/AllTasks.tsx(75,11): error TS2339: Property 'input' does not exist on type 'JSX.IntrinsicElements'.
src/pages/AllTasks.tsx(82,9): error TS2339: Property 'div' does not exist on type 'JSX.IntrinsicElements'.
src/pages/AllTasks.tsx(83,7): error TS2339: Property 'header' does not exist on type 'JSX.IntrinsicElements'.
src/pages/AllTasks.tsx(85,7): error TS2339: Property 'div' does not exist on type 'JSX.IntrinsicElements'.
src/pages/AllTasks.tsx(87,11): error TS2339: Property 'div' does not exist on type 'JSX.IntrinsicElements'.
src/pages/AllTasks.tsx(88,13): error TS2339: Property 'h2' does not exist on type 'JSX.IntrinsicElements'.
src/pages/AllTasks.tsx(88,125): error TS2339: Property 'h2' does not exist on type 'JSX.IntrinsicElements'.
src/pages/AllTasks.tsx(89,13): error TS2339: Property 'div' does not exist on type 'JSX.IntrinsicElements'.
src/pages/AllTasks.tsx(93,13): error TS2339: Property 'div' does not exist on type 'JSX.IntrinsicElements'.
src/pages/AllTasks.tsx(94,11): error TS2339: Property 'div' does not exist on type 'JSX.IntrinsicElements'.
src/pages/AllTasks.tsx(98,11): error TS2339: Property 'div' does not exist on type 'JSX.IntrinsicElements'.
src/pages/AllTasks.tsx(99,13): error TS2339: Property 'h2' does not exist on type 'JSX.IntrinsicElements'.
src/pages/AllTasks.tsx(99,123): error TS2339: Property 'h2' does not exist on type 'JSX.IntrinsicElements'.
src/pages/AllTasks.tsx(100,13): error TS2339: Property 'div' does not exist on type 'JSX.IntrinsicElements'.
src/pages/AllTasks.tsx(104,13): error TS2339: Property 'div' does not exist on type 'JSX.IntrinsicElements'.
src/pages/AllTasks.tsx(105,11): error TS2339: Property 'div' does not exist on type 'JSX.IntrinsicElements'.
src/pages/AllTasks.tsx(109,11): error TS2339: Property 'div' does not exist on type 'JSX.IntrinsicElements'.
src/pages/AllTasks.tsx(110,13): error TS2339: Property 'h2' does not exist on type 'JSX.IntrinsicElements'.
src/pages/AllTasks.tsx(110,125): error TS2339: Property 'h2' does not exist on type 'JSX.IntrinsicElements'.
src/pages/AllTasks.tsx(111,13): error TS2339: Property 'div' does not exist on type 'JSX.IntrinsicElements'.
src/pages/AllTasks.tsx(115,13): error TS2339: Property 'div' does not exist on type 'JSX.IntrinsicElements'.
src/pages/AllTasks.tsx(116,11): error TS2339: Property 'div' does not exist on type 'JSX.IntrinsicElements'.
src/pages/AllTasks.tsx(118,7): error TS2339: Property 'div' does not exist on type 'JSX.IntrinsicElements'.
src/pages/AllTasks.tsx(121,9): error TS2339: Property 'div' does not exist on type 'JSX.IntrinsicElements'.
src/pages/AllTasks.tsx(122,11): error TS2339: Property 'p' does not exist on type 'JSX.IntrinsicElements'.
src/pages/AllTasks.tsx(123,42): error TS2339: Property 'strong' does not exist on type 'JSX.IntrinsicElements'.
src/pages/AllTasks.tsx(123,67): error TS2339: Property 'strong' does not exist on type 'JSX.IntrinsicElements'.
src/pages/AllTasks.tsx(124,11): error TS2339: Property 'p' does not exist on type 'JSX.IntrinsicElements'.
src/pages/AllTasks.tsx(125,11): error TS2339: Property 'div' does not exist on type 'JSX.IntrinsicElements'.
src/pages/AllTasks.tsx(128,11): error TS2339: Property 'div' does not exist on type 'JSX.IntrinsicElements'.
src/pages/AllTasks.tsx(129,9): error TS2339: Property 'div' does not exist on type 'JSX.IntrinsicElements'.
src/pages/AllTasks.tsx(131,5): error TS2339: Property 'div' does not exist on type 'JSX.IntrinsicElements'.
src/store/useUIStore.ts(1,24): error TS2792: Cannot find module 'zustand'. Did you mean to set the 'moduleResolution' option to 'nodenext', or to add aliases to the 'paths' option?
src/store/useUIStore.ts(2,25): error TS2792: Cannot find module 'zustand/middleware'. Did you mean to set the 'moduleResolution' option to 'nodenext', or to add aliases to the 'paths' option?
src/utils/toast.tsx(1,23): error TS2792: Cannot find module 'sonner'. Did you mean to set the 'moduleResolution' option to 'nodenext', or to add aliases to the 'paths' option?
src/utils/toast.tsx(2,44): error TS2792: Cannot find module 'lucide-react'. Did you mean to set the 'moduleResolution' option to 'nodenext', or to add aliases to the 'paths' option?
src/utils/toast.tsx(7,7): error TS2339: Property 'div' does not exist on type 'JSX.IntrinsicElements'.
src/utils/toast.tsx(9,9): error TS2339: Property 'div' does not exist on type 'JSX.IntrinsicElements'.
src/utils/toast.tsx(10,11): error TS2339: Property 'span' does not exist on type 'JSX.IntrinsicElements'.
src/utils/toast.tsx(10,60): error TS2339: Property 'span' does not exist on type 'JSX.IntrinsicElements'.
src/utils/toast.tsx(11,23): error TS2339: Property 'span' does not exist on type 'JSX.IntrinsicElements'.
src/utils/toast.tsx(11,69): error TS2339: Property 'span' does not exist on type 'JSX.IntrinsicElements'.
src/utils/toast.tsx(12,9): error TS2339: Property 'div' does not exist on type 'JSX.IntrinsicElements'.
src/utils/toast.tsx(13,7): error TS2339: Property 'div' does not exist on type 'JSX.IntrinsicElements'.
src/utils/toast.tsx(17,7): error TS2339: Property 'div' does not exist on type 'JSX.IntrinsicElements'.
src/utils/toast.tsx(19,9): error TS2339: Property 'div' does not exist on type 'JSX.IntrinsicElements'.
src/utils/toast.tsx(20,11): error TS2339: Property 'span' does not exist on type 'JSX.IntrinsicElements'.
src/utils/toast.tsx(20,60): error TS2339: Property 'span' does not exist on type 'JSX.IntrinsicElements'.
src/utils/toast.tsx(21,23): error TS2339: Property 'span' does not exist on type 'JSX.IntrinsicElements'.
src/utils/toast.tsx(21,69): error TS2339: Property 'span' does not exist on type 'JSX.IntrinsicElements'.
src/utils/toast.tsx(22,9): error TS2339: Property 'div' does not exist on type 'JSX.IntrinsicElements'.
src/utils/toast.tsx(23,7): error TS2339: Property 'div' does not exist on type 'JSX.IntrinsicElements'.
src/utils/toast.tsx(27,7): error TS2339: Property 'div' does not exist on type 'JSX.IntrinsicElements'.
src/utils/toast.tsx(29,9): error TS2339: Property 'div' does not exist on type 'JSX.IntrinsicElements'.
src/utils/toast.tsx(30,11): error TS2339: Property 'span' does not exist on type 'JSX.IntrinsicElements'.
src/utils/toast.tsx(30,60): error TS2339: Property 'span' does not exist on type 'JSX.IntrinsicElements'.
src/utils/toast.tsx(31,23): error TS2339: Property 'span' does not exist on type 'JSX.IntrinsicElements'.
src/utils/toast.tsx(31,69): error TS2339: Property 'span' does not exist on type 'JSX.IntrinsicElements'.
src/utils/toast.tsx(32,9): error TS2339: Property 'div' does not exist on type 'JSX.IntrinsicElements'.
src/utils/toast.tsx(33,7): error TS2339: Property 'div' does not exist on type 'JSX.IntrinsicElements'.
