go : # github.com/ali-nur
31/mile-do/internal/trans
port/http/v1/dto
At line:1 char:1
+ go build ./... > build_
output.txt 2>&1
+ ~~~~~~~~~~~~~~~~~~~~~~~
~~~~~~~~~~~~~~~
    + CategoryInfo       
       : NotSpecified:   
  (# github.com/al...o   
 rt/http/v1/dto:Strin    
g) [], RemoteExcepti    o
n
    + FullyQualifiedErro 
   rId : NativeCommandE  
  rror
 
internal\transport\http\v
1\dto\task_dto.go:15:1: s
yntax error: unexpected <
<, expected field name or
 embedded type
internal\transport\http\v
1\dto\task_dto.go:21:1: s
yntax error: unexpected =
=, expected field name or
 embedded type
internal\transport\http\v
1\dto\task_dto.go:27:1: s
yntax error: unexpected >
>, expected field name or
 embedded type
